Mm, Mm, Mm, Mm, Mm, Mm, Mm, Mm, Mm, Mm, Mm, Mm, Mm, Hh, Re, Re, Hh, Mm, Mm, Mm, Hh, Hh, Gg, Gg, Ww, Ww, Ww, Wo, Wo, Wo, Ww, Ww, Gg, Re, Re, Gg, Re, Gg, Re, Gg, Re, Gs^Fp, Gg, Gg, Gs^Fp, Gg, Gs^Fp, Gg, Gs^Fp, Gg, Gs^Fp, Gg, Gg, Ce, Ce, Ce, Ce, Ce, Gg, Gs^Fp, Gs^Fp, Gs^Fp
Mm, Mm, Mm, Mm, Mm, Mm, Mm, Mm, Mm, Mm, Mm, Mm, Mm, Hh, Re, Re, Hh, Mm, Mm, Mm, Hh, Hh, Gg, Gg, Ww, Ww, Ww, Wo, Wo, Wo, Ww, Ww, Gg, Re, Re, Gg, Re, Gg, Re, Gg, Re, Gs^Fp, Gg, Gg, Gs^Fp, Gg, Gs^Fp, Gg, Gs^Fp, Gg, Gs^Fp, Gg, Gg, Ce, Ce, Ke, Ce, Ce, Gg, Gs^Fp, Gs^Fp, Gs^Fp
Mm, Mm, Mm, Mm, Mm, Mm, Hh, Mm, Mm, Mm, Hh, Hh, Hh, Hh, Re, Re, Hh, Hh, Mm, Hh, Hh, Gg, Gg, Gg, Gg, Ww, Wo, Wo, Wo, Wo, Ww, Ww, Ww, Gg^Vh, Gg, Re, Gg, Re, Gg, Re, Gg, Re, Re, Re, Re, Gg, Gg, Gs^Fp, Gg, Gs^Fp, Gg, Gg, Gg, Gg, Ce, Ce, Ce, Gg, Gg, Gg, Gs^Fp, Gs^Fp
Mm, Mm, Mm, Mm, Mm, Mm, Mm, Hh, Hh, Mm, Mm, Hh, Hh, Hh, Ce, Ce, Ce, Ce, Hh, Hh, Hh, Gg, Gg, Gg, Gg, Ww, Wo, Wo, Wo, Wo, Ww, Gs^Fp, Gs^Fp, Ww, Ww^Bw|, Gg, Gs^Fp, Gg, Gg, Gg, Gg, Gg^Vh, Gg, Gg, Gg, Re, Re, Gg, Re, Gg, Gg, Gg, Gg, Gg, Re, Re, Gg, Gg, Gg, Gg, Gs^Fp, Gs^Fp
Mm, Mm, Mm, Hh, Mm, Mm, Mm, Hh, Hh, Hh, Hh, Hh, Hh, Ce, Ce, 4 Ke, Ce, Ce, Hh, Hh, Gg, Gg, Gs^Fp, Gs^Fp, Gg, Ww, Wo, Wo, Wo, Ww, Gs^Fp, Gg, Gg, Gs^Fp, Gg, Ww, Gg, Gs^Fp, Gg, Gs^Fp, Gs^Fp, Gg, Gs^Fp, Gs^Fp, Gg, Gg, Gs^Fp, Re, Gg, Re, Re, Re, Re, Re, Re, Gg, Gg, Gg, Gg, Gs^Fp, Gs^Fp, Gs^Fp
Mm, Mm, Mm, Mm, Hh, Mm, Mm, Hh, Hh, Hh, Hh, Mm, Mm, Hh, Ce, Ce, Ce, Ce, Gg, Hh, Hh, Gg, Gs^Fp, Gs^Fp, Gg, Ww, Wo, Wo, Wo, Ww, Gg, Gg, Gs^Fp, Gg^Vh, Gg, Ww, Ww, Gg, Gg, Gg, Ww, Ww, Ww, Ww, Ww, Gg, Gs^Fp, Gg, Gg, Gg, Gg, Gg, Gs^Fp, Gs^Fp, Re, Gg, Gg, Gs^Fp, Gs^Fp, Gs^Fp, Gg, Gg
Mm, Mm, Hh, Hh, Hh, Mm, Hh, Hh, Hh, Hh, Hh, Hh, Mm, Hh, Ce, Ce, Re, Ce, Gg^Vh, Hh, Gg, Gg, Gs^Fp, Gs^Fp, Gg, Ww, Wo, Wo, Wo, Ww, Ww, Gs^Fp, Gg, Gg, Gg, Gs^Fp, Gg^Vh, Ww^Bw/, Ww, Gg, Gg, Ww, Ww, Wo, Ww, Gg, Gg, Gs^Fp, Gg, Gg, Gg, Gs^Fp, Gg, Gg, Re, Gg, Gg, Gs^Fp, Gg, Gg, Gs^Fp, Gs^Fp
Mm, Mm, Mm, Hh, Hh, Hh, Hh, Hh, Hh, Hh, Gg, Gg, Hh, Mm, Hh, Gg, Re, Re, Re, Gg, Gg, Gg, Gg, Gs^Fp, Gs^Fp, Ww, Wo, Wo, Wo, Wo, Ww, Gg, Gg, Gg, Gs^Fp, Gs^Fp, Gs^Fp, Gs^Fp, Gg, Ww, Ww, Ww, Gg, Ww, Gs^Fp, Gg, Gg^Vh, Gg, Gg, Gg, Gg, Gg, Gg, Gs^Fp, Re, Re, Gg, Gg, Gg, Gg, Gg, Gg
Mm, Mm, Hh, Hh, Hh, Hh, Hh, Hh, Gg, Hh, Gg, Hh, Hh, Hh, Hh, Hh, Re, Gg, Gg, Re, Re, Re, 1 Re, Gs^Fp, Ww, Ww, Wo, Wo, Wo, Ww, Gs^Fp, Gs^Fp, Gs^Fp, Gs^Fp, Ce, Ce, Ce, Gs^Fp, Gg, Gg, Gg, Ww, Gs^Fp, Gg, Gs^Fp, Gs^Fp, Gs^Fp, Gs^Fp, Gs^Fp, Hh, Hh, Gg, Re, Re, Gg, Re, Re, Gg, Gg, Gs^Fp, Gs^Fp, Gs^Fp
Mm, Mm, Mm, Hh, Hh, Hh, Gg^Vh, Hh, Gg, Gs^Fp, Gs^Fp, Gg, Gg, Gg, Gg^Vh, Hh, Re, Gg, Gg, Gg, Gg, Ww, Ww, Ww^Bw\, Ww, Ww, Ww, Wo, Ww, Gg, Gg, Gs^Fp, Gs^Fp, Gs^Fp, Ce, Ke, Ce, Gg, Gg, Gg, Gg, Ww, Ss, Ss, Ss, Ss, Ss, Ss, Ss, Ss, Ss, Re, Hh, Hh, Hh, Gg, Gg, Re, Re, Gg, Gg, Gg
Mm, Mm, Mm, Hh, Hh, Hh, Hh, Gg, Gg, Gs^Fp, Gs^Fp, Gs^Fp, Gg, Gg, Re, Re, Gg, Gg, Gg, Gg, Ww, Ww, Wo, Ww, Ww, Gg, Ww, Ww, Ww, Gs^Fp, Gg, Gs^Fp, Gs^Fp, Gs^Fp, Gs^Fp, Ce, Gs^Fp, Gg, Gg, Gg, Ss, Ww^Bw\, Ww^Bw\, Ss, Ce, Ss, Ce, Ss, Ss, Ss, Ss, Gg, 2 Ce, Gg, Gg, Gg, Gg, Gs^Fp, Re, Gg, Hh, Hh
Mm, Mm, Mm, Hh, Hh, Hh, Hh, Hh, Hh, Gg, Gs^Fp, Gs^Fp, Re, Re, Gg, Gg, Gg, Gg, Gg, Gg, Ww, Wo, Wo, Wo, Wo, Ww, Ww, Ww^Bw\, Re, Ce, Gg, Gg, Gs^Fp, Gs^Fp, Gs^Fp, Gs^Fp, Gs^Fp, Gs^Fp, Ss, Ss, Ss, Ss, Ss, Ww^Bw\, Re, Ce, Gg^Vh, Ce, Ce, Ss, Ss, Ss, Ww^Bw/, Gg, Re, Re, Re, Gg, Re, Gg, Hh, Hh
Mm, Mm, Mm, Hh, Hh, Hh, Hh, Hh, Hh, Gg, Re, Re, Gs^Fp, Gg, Gg, Gg, Gg, Gg^Vh, Ww, Ww, Wo, Wo, Wo, Wo, Wo, Wo, Ww, Ce, Re, Gs^Fp, Gg, Gg, Gs^Fp, Gg, Gg, Gs^Fp, Gg, Ss, Ss, Gs^Fp, Ss, Ss, Ss, Ce, Re, Re, Ce, Re, Re, Ce, Ww^Bw/, Ww^Bw/, Ss, Ce, Gg, Gg, Re, Gg, Gs^Fp, Gg, Hh, Hh
Mm, Mm, Mm, Hh, Hh, Hh, Hh, Hh, Re, Re, Gg, Gg, Gs^Fp, Gs^Fp, Gg, Gg, Gg, Ww, Ww, Ww, Ww, Ww, Ww, Wo, Wo, Ww, Gg, Gg, Re, Gs^Fp, Gs^Fp, Gg, Gs^Fp, Gs^Fp, Gg, Gs^Fp, Ss, Gs^Fp, Gs^Fp, Ss, Ss, Ss, Ce, Ce, Re, Ce, Ke, Ce, Gg^Vh, Re, Ce, Ss, Ss, Ss, Gg, Gs^Fp, Gs^Fp, Re, Gs^Fp, Gg, Hh, Hh
Mm, Mm, Mm, Hh, Hh, Hh, Hh, Re, Hh, Hh, Gg, Gg, Gg, Gg, Gg, Gg, Gg, Ww, Ww, Ww, Ww, Gg, Ww, Ww, Ww, Gg, Gg, Gs^Fp, Re, Gs^Fp, Gg, Gs^Fp, Gg, Gg, Ss, Ss, Gg, Ss, Ss, Gs^Fp, Ss, Ss, Ww^Bw/, Re, Gg^Vh, Ce, Ce, Ce, Re, Ce, Ss, Ss, Ss, Ss, Ss, Gs^Fp, Gg, Re, Gg, Gs^Fp, Hh, Hh
Mm, Mm, Mm, Hh, Hh, Hh, Hh, Re, Hh, Hh, Gg, Gg, Gg, Gg, Gg, Gg, Gg, Ww, Wo, Ww, Ww, Gg, Ww, Ww, Ww, Gg, Gg, Gg^Vh, Ce, Re, Ce, Gg, Gg, Gs^Fp, Gs^Fp, Gs^Fp, Ss, Gs^Fp, Ss, Ss, Ww^Bw/, Ww^Bw/, Ss, Ce, Ce, Re, Gg^Vh, Re, Re, Ce, Ss, Ss, Ss, Ss, Gg, Gg, Gg, Re, Re, Gg, Gs^Fp, Gs^Fp
Mm, Mm, Mm, Hh, Hh, Hh, Gg, Re, Re, Re, Re, Gg, Gg, Gg, Gg^Vh, Gg, Ww, Ww, Wo, Wo, Ww, Ww, Ww, Ww, Ww, Gs^Fp, Gs^Fp, Gg, Re, Re, Re, Gs^Fp, Gs^Fp, Gs^Fp, Gs^Fp, Ss, Ce, Ss, Re, Ww^Bw/, Ss, Ss, Ss, Ss, Ce, Re, Ce, Ce, Ce, Ww^Bw\, Ww^Bw\, Ss, Ss, Ss, Hh, Gg, Gg, Gg^Vh, Re, Gg, Gs^Fp, Gs^Fp
Mm, Mm, Mm, Hh, Hh, Hh, Gg, Gg, Gg, Gg, Re, Gg, Gg, Gg, Gg, Gg, Ww, Wo, Wo, Wo, Ww, Ww, Gg, Gg, Gg, Gs^Fp, Gs^Fp, Gg, Re, Ce, Gs^Fp, Re, Re, Gg, Gg, Gs^Fp, Re, Re, Ss, Ss, Ss, Ss, Ss, Ss, Ss, Ww^Bw|, Ss, Ss, Ss, Ss, Ss, Ww^Bw\, Ww^Bw\, Ss, Hh, Gg, Gg, Gg, Re, Gg, Gg, Gg
Mm, Mm, Hh, Hh, Hh, Hh, Gg, Gg, Gg, Gg, Re, Gg^Vh, Gg, Gg, Gg, Ww, Ww, Wo, Wo, Wo, Ww, Gg, Gg, Gg, Gg, Ce, Re, Re, Gg, Gs^Fp, Gs^Fp, Gg, Gs^Fp, Re, Re, Re, Hh, Ce, Ss, Ss, Ss, Ss, Ss, Ss, Ss, Ww^Bw|, Ss, Ss, Ss, Ss, Ss, Ss, Ss, Ww^Bw\, Ww^Bw\, Ce, Gg, Gg, Re, Gg, Gg, Gg
Mm, Mm, Mm, Hh, Hh, Hh, Hh, Gg, Gg, Gg, Re, Re, Re, Gg, Gg, Ww, Wo, Wo, Wo, Wo, Wo, Ww, Gg, Gg^Vh, Re, Re, Ce, Gg, Gg, Gs^Fp, Gs^Fp, Gs^Fp, Gg^Vh, Gg, Gg, Gg, Gg, Hh, Hh, Ss, Gg, Gg, Ss, Ss, Ce, Ww^Bw|, Ce, Ss, Ss, Ss, Hh, Gg, Ss, Ss, Ce, Gg, Gg, Gg, Re, Gg, Gg, Gg
Mm, Mm, Hh, Hh, Hh, Hh, Hh, Gg, Gg, Re, Gg, Gg, Gg, Re, Re, Ww, Ww, Wo, Wo, Wo, Wo, Ww, Gg, Re, Re, Gg, Gg, Gg, Gs^Fp, Gs^Fp, Gs^Fp, Gs^Fp, Gs^Fp, Gs^Fp, Gg, Gg, Gs^Fp, Gg, Gg, Gg, Hh, Hh, Hh, Gg, Gs^Fp, Gg, Ss, Gs^Fp, Ss, Ss, Ss, Gg, Gs^Fp, Gs^Fp, Gg, Gg, Gg, Gg, Re, Gg, Gg, Gg
Mm, Mm, Mm, Hh, Hh, Gg, Gg, Hh, Gg, Re, Re, Gg, Gg, Gg, Gg, Re, Ww^Bw\, Ww, Ww, Wo, Ww, Ww, Gg, Gg, Gg, Re, Gg, Gg, Gg, Gs^Fp, Gs^Fp, Gg, Ce, Ce, Ce, Gg, Gs^Fp, Gs^Fp, Gg, Gg, Gg, Gs^Fp, Gg, Gg, Hh, Gg, Gg, Gg, Ss, Ss, Gs^Fp, Gs^Fp, Gs^Fp, Gs^Fp, Gg, Gg, Gg^Vh, Gg, Re, Gg, Gg, Gg
Mm, Mm, Hh, Hh, Gg, Gg, Gg, Gg, Gg, Gg, Re, Gg, Gg, Gg, Ww, Ww, Ww, Ww, Ww, Ww, Ww, Gg, Gg, Gg, Re, Re, Gg, Gg, Gs^Fp, Gs^Fp, Gs^Fp, Gg, Ce, Ke, Ce, Gs^Fp, Gg^Vh, Gs^Fp, Gg, Gg, Gg, Gs^Fp, Gs^Fp, Gg, Re, Re, Gs^Fp, Gs^Fp, Gs^Fp, Gs^Fp, Gg, Gs^Fp, Gg, Gg, Gg, Gg, Re, Re, Gs^Fp, Gs^Fp, Gs^Fp, Gs^Fp
Mm, Mm, Hh, Hh, Gg, Gg, Gg, Gg, Ce, Re, Re, Gg, Gs^Fp, Gs^Fp, Ww, Wo, Wo, Ww, Ww, Ww, Ww^Bw\, Ce, Re, Re, Gg, Gg, Gg, Gs^Fp, Gs^Fp, Gs^Fp, Gg^Vh, Gg, Gs^Fp, Ce, Gg, Gg, Gg, Gs^Fp, Gs^Fp, Gg^Vh, Gg, Gs^Fp, Gg, Re, Gs^Fp, Re, Re, Re, Re, Gg, Gg, Re, Re, Re, Re, Re, Gg, Gs^Fp, Gs^Fp, Gs^Fp, Gs^Fp, Gs^Fp
Mm, Mm, Hh, Hh, Gg, Gg^Vh, Ce, Ce, Ce, Ce, Ce, Gg, Gg, Ww, Wo, Wo, Wo, Wo, Wo, Ww, Ww, Re, Ce, Gg, Gs^Fp, Gs^Fp, Gg^Vh, Gg, Gs^Fp, Gs^Fp, Gs^Fp, Gg, Gs^Fp, Gg, Gs^Fp, Gs^Fp, Gg, Gs^Fp, Gg, Gs^Fp, Gs^Fp, Gs^Fp, Gg, Gg, Re, Re, Gs^Fp, Gs^Fp, Gg, Re, Re, Re, Gg, Gg, Gg, Gg, Gs^Fp, Gs^Fp, Gs^Fp, Gs^Fp, Gs^Fp, Gs^Fp
Hh, Hh, Hh, Hh, Gg, Ce, Ce, Ce, 3 Ke, Ce, Ce, Ce, Gg, Ww, Wo, Wo, Wo, Wo, Wo, Wo, Wo, Ww, Gg, Gg, Gg, Gs^Fp, Gs^Fp, Gg, Gg, Gs^Fp, Gs^Fp, Gg, Gg, Gg, Gg, Gs^Fp, Gs^Fp, Gs^Fp, Gs^Fp, Gs^Fp, Gs^Fp, Gs^Fp, Re, Re, Gg, Re, Gg, Gg, Gg, Gg, Gg, Gs^Fp, Gs^Fp, Gs^Fp, Gs^Fp, Gs^Fp, Gg, Gs^Fp, Gs^Fp, Gs^Fp, Gs^Fp, Gs^Fp
Hh, Hh, Hh, Hh, Gg, Ce, Ce, Ce, Ce, Ce, Ce, Ce, Gg, Ww, Wo, Wo, Wo, Wo, Wo, Wo, Wo, Ww, Gg, Gg, Gg, Gs^Fp, Gs^Fp, Gg, Gg, Gs^Fp, Gs^Fp, Gg, Gg, Gg, Gg, Gs^Fp, Gs^Fp, Gs^Fp, Gs^Fp, Gs^Fp, Gs^Fp, Gs^Fp, Re, Re, Gg, Re, Gg, Gg, Gg, Gg, Gg, Gs^Fp, Gs^Fp, Gs^Fp, Gs^Fp, Gs^Fp, Gg, Gs^Fp, Gs^Fp, Gs^Fp, Gs^Fp, Gs^Fp
